  |                                                                         |                                                                 |   0%  |                                                                         |................                                                 |  25%
  ordinary text without R code

  |                                                                         |................................                                 |  50%
label: unnamed-chunk-1 (with options) 
List of 4
 $ echo     : logi FALSE
 $ fig.width: num 2
 $ message  : logi FALSE
 $ warning  : logi FALSE

  |                                                                         |.................................................                |  75%
  ordinary text without R code

  |                                                                         |.................................................................| 100%
label: unnamed-chunk-2 (with options) 
List of 1
 $ child: symbol scripts

  |                                                                         |                                                                 |   0%  |                                                                         |................................                                 |  50%
  ordinary text without R code

  |                                                                         |.................................................................| 100%
label: unnamed-chunk-3 (with options) 
List of 1
 $ echo: logi FALSE


  |                                                                         |                                                                 |   0%  |                                                                         |...                                                              |   5%
  ordinary text without R code

  |                                                                         |......                                                           |  10%
label: unnamed-chunk-4
  |                                                                         |..........                                                       |  15%
  ordinary text without R code

  |                                                                         |.............                                                    |  20%
label: unnamed-chunk-5
  |                                                                         |................                                                 |  25%
  ordinary text without R code

  |                                                                         |....................                                             |  30%
label: unnamed-chunk-6
  |                                                                         |.......................                                          |  35%
   inline R code fragments

  |                                                                         |..........................                                       |  40%
label: unnamed-chunk-7
  |                                                                         |.............................                                    |  45%
  ordinary text without R code

  |                                                                         |................................                                 |  50%
label: unnamed-chunk-8
  |                                                                         |....................................                             |  55%
  ordinary text without R code

  |                                                                         |.......................................                          |  60%
label: unnamed-chunk-9
  |                                                                         |..........................................                       |  65%
  ordinary text without R code

  |                                                                         |..............................................                   |  70%
label: unnamed-chunk-10 (with options) 
List of 1
 $ results: chr "asis"

  |                                                                         |.................................................                |  75%
  ordinary text without R code

  |                                                                         |....................................................             |  80%
label: unnamed-chunk-11
  |                                                                         |.......................................................          |  85%
  ordinary text without R code

  |                                                                         |..........................................................       |  90%
label: unnamed-chunk-12 (with options) 
List of 1
 $ results: chr "asis"

  |                                                                         |..............................................................   |  95%
  ordinary text without R code

  |                                                                         |.................................................................| 100%
label: unnamed-chunk-13

  |                                                                         |                                                                 |   0%  |                                                                         |........                                                         |  12%
  ordinary text without R code

  |                                                                         |................                                                 |  25%
label: unnamed-chunk-14
  |                                                                         |........................                                         |  38%
  ordinary text without R code

  |                                                                         |................................                                 |  50%
label: unnamed-chunk-15
  |                                                                         |.........................................                        |  62%
  ordinary text without R code

  |                                                                         |.................................................                |  75%
label: unnamed-chunk-16
  |                                                                         |.........................................................        |  88%
  ordinary text without R code

  |                                                                         |.................................................................| 100%
label: unnamed-chunk-17

  |                                                                         |                                                                 |   0%  |                                                                         |................................                                 |  50%
  ordinary text without R code

  |                                                                         |.................................................................| 100%
label: unnamed-chunk-18 (with options) 
List of 1
 $ echo: logi FALSE



"C:/Program Files/RStudio/bin/pandoc/pandoc" MASTER.utf8.md --to html --from markdown+autolink_bare_uris+ascii_identifiers+tex_math_single_backslash-implicit_figures --output MASTER.html --smart --email-obfuscation none --self-contained --standalone --section-divs --table-of-contents --toc-depth 3 --template "C:\PROGRA~1\RRO\R-32~1.2\library\RMARKD~1\rmd\h\DEFAUL~1.HTM" --number-sections --variable "theme:bootstrap" --include-in-header "C:\Users\chanb\AppData\Local\Temp\RtmpcPTrsp\rmarkdown-str71c3ba71277.html" --mathjax --variable "mathjax-url:https://cdn.mathjax.org/mathjax/latest/MathJax.js?config=TeX-AMS-MML_HTMLorMML" --no-highlight --variable "highlightjs=C:\PROGRA~1\RRO\R-32~1.2\library\RMARKD~1\rmd\h\HIGHLI~1" 
